./
./2005/
./2005/src/
./2005/src/geant321/
./2005/src/geant321/Imakefile
./2005/src/cfortran/
./2005/src/cfortran/index.htm
./2005/src/cfortran/dirs
./2005/src/cfortran/cfortest.c
./2005/src/cfortran/Examples/
./2005/src/cfortran/Examples/pawex1.kumac
./2005/src/cfortran/Examples/rev/
./2005/src/cfortran/Examples/rev/rev.c
./2005/src/cfortran/Examples/rev/rev_f.f
./2005/src/cfortran/Examples/rev/rev.C
./2005/src/cfortran/Examples/forr/
./2005/src/cfortran/Examples/forr/forr.c
./2005/src/cfortran/Examples/forr/forr_f.f
./2005/src/cfortran/Examples/forr/forr.C
./2005/src/cfortran/Examples/hbook-cwn.c
./2005/src/cfortran/Examples/run_example
./2005/src/cfortran/Examples/fd/
./2005/src/cfortran/Examples/fd/fd.c
./2005/src/cfortran/Examples/fd/fd_f.f
./2005/src/cfortran/Examples/fd/fd.C
./2005/src/cfortran/Examples/rr/
./2005/src/cfortran/Examples/rr/rr_f.f
./2005/src/cfortran/Examples/rr/rr.C
./2005/src/cfortran/Examples/rr/rr.c
./2005/src/cfortran/Examples/pz/
./2005/src/cfortran/Examples/pz/pz_f.f
./2005/src/cfortran/Examples/pz/pz.c
./2005/src/cfortran/Examples/pz/pz.C
./2005/src/cfortran/Examples/fand/
./2005/src/cfortran/Examples/fand/fand_f.f
./2005/src/cfortran/Examples/fand/fand.c
./2005/src/cfortran/Examples/fand/fand.C
./2005/src/cfortran/Examples/subt/
./2005/src/cfortran/Examples/subt/subt.c
./2005/src/cfortran/Examples/subt/subt.C
./2005/src/cfortran/Examples/subt/subt_f.f
./2005/src/cfortran/Examples/fl/
./2005/src/cfortran/Examples/fl/fl.C
./2005/src/cfortran/Examples/fl/fl.c
./2005/src/cfortran/Examples/fl/fl_f.f
./2005/src/cfortran/Examples/eq/
./2005/src/cfortran/Examples/eq/eq.c
./2005/src/cfortran/Examples/eq/eq.C
./2005/src/cfortran/Examples/eq/eq_f.f
./2005/src/cfortran/Examples/ft/
./2005/src/cfortran/Examples/ft/ft.C
./2005/src/cfortran/Examples/ft/ft.c
./2005/src/cfortran/Examples/ft/ft_f.f
./2005/src/cfortran/Examples/fstr/
./2005/src/cfortran/Examples/fstr/fstr_f.f
./2005/src/cfortran/Examples/fstr/fstr.C
./2005/src/cfortran/Examples/fstr/fstr.c
./2005/src/cfortran/Examples/fc/
./2005/src/cfortran/Examples/fc/fc.C
./2005/src/cfortran/Examples/fc/fc_f.f
./2005/src/cfortran/Examples/fc/fc.c
./2005/src/cfortran/Examples/fz/
./2005/src/cfortran/Examples/fz/fz_f.f
./2005/src/cfortran/Examples/fz/fz.C
./2005/src/cfortran/Examples/fz/fz.c
./2005/src/cfortran/Examples/fb/
./2005/src/cfortran/Examples/fb/fb.C
./2005/src/cfortran/Examples/fb/fb_f.f
./2005/src/cfortran/Examples/fb/fb.c
./2005/src/cfortran/Examples/fi/
./2005/src/cfortran/Examples/fi/fi_f.f
./2005/src/cfortran/Examples/fi/fi.C
./2005/src/cfortran/Examples/fi/fi.c
./2005/src/cfortran/Examples/strtok/
./2005/src/cfortran/Examples/strtok/strtok.C
./2005/src/cfortran/Examples/strtok/strtok.c
./2005/src/cfortran/Examples/strtok/strtok_f.f
./2005/src/cfortran/Examples/minuit-main.c
./2005/src/cfortran/Examples/q/
./2005/src/cfortran/Examples/q/q.C
./2005/src/cfortran/Examples/q/q.c
./2005/src/cfortran/Examples/q/q_f.f
./2005/src/cfortran/Examples/cf14/
./2005/src/cfortran/Examples/cf14/cf14.c
./2005/src/cfortran/Examples/cf14/cf14.C
./2005/src/cfortran/Examples/cf14/cf14_f.f
./2005/src/cfortran/Examples/abc/
./2005/src/cfortran/Examples/abc/abc.C
./2005/src/cfortran/Examples/abc/abc_f.f
./2005/src/cfortran/Examples/abc/abc.c
./2005/src/cfortran/Examples/user/
./2005/src/cfortran/Examples/user/user.c
./2005/src/cfortran/Examples/user/user.C
./2005/src/cfortran/Examples/user/user_f.f
./2005/src/cfortran/Examples/easy/
./2005/src/cfortran/Examples/easy/easy.c
./2005/src/cfortran/Examples/easy/easy_f.f
./2005/src/cfortran/Examples/easy/easy.C
./2005/src/cfortran/Examples/e2/
./2005/src/cfortran/Examples/e2/e2.c
./2005/src/cfortran/Examples/e2/e2.C
./2005/src/cfortran/Examples/e2/e2_f.f
./2005/src/cfortran/Examples/ss1/
./2005/src/cfortran/Examples/ss1/ss1.c
./2005/src/cfortran/Examples/ss1/ss1_f.f
./2005/src/cfortran/Examples/ss1/ss1.C
./2005/src/cfortran/Examples/ff/
./2005/src/cfortran/Examples/ff/ff_f.f
./2005/src/cfortran/Examples/ff/ff.c
./2005/src/cfortran/Examples/ff/ff.C
./2005/src/cfortran/Examples/sz1/
./2005/src/cfortran/Examples/sz1/sz1.C
./2005/src/cfortran/Examples/sz1/sz1_f.f
./2005/src/cfortran/Examples/sz1/sz1.c
./2005/src/cfortran/Examples/chbook-example.c
./2005/src/cfortran/Examples/f27/
./2005/src/cfortran/Examples/f27/f27.c
./2005/src/cfortran/Examples/f27/f27_f.f
./2005/src/cfortran/Examples/f27/f27.C
./2005/src/cfortran/Examples/v7/
./2005/src/cfortran/Examples/v7/v7.C
./2005/src/cfortran/Examples/v7/v7_f.f
./2005/src/cfortran/Examples/v7/v7.c
./2005/src/cfortran/Examples/fcb/
./2005/src/cfortran/Examples/fcb/fcb.C
./2005/src/cfortran/Examples/fcb/fcb.c
./2005/src/cfortran/Examples/fcb/fcb_f.f
./2005/src/cfortran/Examples/fm/
./2005/src/cfortran/Examples/fm/fm_f.f
./2005/src/cfortran/Examples/fm/fm.C
./2005/src/cfortran/Examples/fm/fm.c
./2005/src/cfortran/Examples/hbook-cwnc.c
./2005/src/cfortran/Examples/sz/
./2005/src/cfortran/Examples/sz/sz.c
./2005/src/cfortran/Examples/sz/sz_f.f
./2005/src/cfortran/Examples/sz/sz.C
./2005/src/cfortran/Examples/fe/
./2005/src/cfortran/Examples/fe/fe.C
./2005/src/cfortran/Examples/fe/fe.c
./2005/src/cfortran/Examples/fe/fe_f.f
./2005/src/cfortran/Examples/fk/
./2005/src/cfortran/Examples/fk/fk.C
./2005/src/cfortran/Examples/fk/fk.c
./2005/src/cfortran/Examples/fk/fk_f.f
./2005/src/cfortran/Examples/fun/
./2005/src/cfortran/Examples/fun/fun_f.f
./2005/src/cfortran/Examples/fun/fun.C
./2005/src/cfortran/Examples/fun/fun.c
./2005/src/cfortran/Examples/vv/
./2005/src/cfortran/Examples/vv/vv.c
./2005/src/cfortran/Examples/vv/vv.C
./2005/src/cfortran/Examples/vv/vv_f.f
./2005/src/cfortran/Examples/f20/
./2005/src/cfortran/Examples/f20/f20.c
./2005/src/cfortran/Examples/f20/f20.C
./2005/src/cfortran/Examples/f20/f20_f.f
./2005/src/cfortran/Examples/fg/
./2005/src/cfortran/Examples/fg/fg.c
./2005/src/cfortran/Examples/fg/fg.C
./2005/src/cfortran/Examples/fg/fg_f.f
./2005/src/cfortran/Examples/fa/
./2005/src/cfortran/Examples/fa/fa_f.f
./2005/src/cfortran/Examples/fa/fa.C
./2005/src/cfortran/Examples/fa/fa.c
./2005/src/cfortran/Examples/f0/
./2005/src/cfortran/Examples/f0/f0.c
./2005/src/cfortran/Examples/f0/f0_f.f
./2005/src/cfortran/Examples/f0/f0.C
./2005/src/cfortran/Examples/fj/
./2005/src/cfortran/Examples/fj/fj.c
./2005/src/cfortran/Examples/fj/fj.C
./2005/src/cfortran/Examples/fj/fj_f.f
./2005/src/cfortran/Examples/fn/
./2005/src/cfortran/Examples/fn/fn_f.f
./2005/src/cfortran/Examples/fn/fn.c
./2005/src/cfortran/Examples/fn/fn.C
./2005/src/cfortran/Examples/fh/
./2005/src/cfortran/Examples/fh/fh.c
./2005/src/cfortran/Examples/fh/fh.C
./2005/src/cfortran/Examples/fh/fh_f.f
./2005/src/cfortran/Examples/sub/
./2005/src/cfortran/Examples/sub/sub.c
./2005/src/cfortran/Examples/sub/sub.C
./2005/src/cfortran/Examples/sub/sub_f.f
./2005/src/cfortran/cfortran.doc
./2005/src/cfortran/cfortex.f
./2005/src/cfortran/README.Debian
./2005/src/cfortran/docs
./2005/src/cfortran/cfortran.h
./2005/src/cfortran/rules
./2005/src/cfortran/changelog
./2005/src/cfortran/cfortran.html
./2005/src/cfortran/eg
./2005/src/cfortran/hbook.h
./2005/src/cfortran/copyright
./2005/src/cfortran/examples
./2005/src/cfortran/control
./2005/src/cfortran/compat
./2005/src/cfortran/NEWS
./2005/src/packlib/
./2005/src/packlib/hbook/
./2005/src/packlib/hbook/hbook/
./2005/src/packlib/hbook/hbook/hcntpar.inc
./2005/src/packlib/hbook/hntup/
./2005/src/packlib/hbook/hntup/hballoc.F
./2005/src/packlib/hbook/hntup/hgnt2.F
./2005/src/packlib/hbook/hntup/hgntf.F
./2005/src/packlib/hbook/hntup/hbnt.F
./2005/src/packlib/hbook/hmmap/
./2005/src/packlib/hbook/hmmap/hmapm.F
./2005/src/packlib/hbook/hmmap/hcreatem.F
./2005/src/packlib/hbook/chbook/
./2005/src/packlib/hbook/chbook/Imakefile
./2005/src/packlib/zebra/
./2005/src/packlib/zebra/fq/
./2005/src/packlib/zebra/fq/fzdaeof.inc
./2005/src/packlib/zebra/zebra/
./2005/src/packlib/zebra/zebra/q_and.inc
./2005/src/packlib/zebra/zebra/q_sbit.inc
./2005/src/packlib/zebra/zebra/q_jbit.inc
./2005/src/packlib/zebra/zebra/q_jbytor.inc
./2005/src/packlib/zebra/zebra/q_sbit1.inc
./2005/src/packlib/zebra/zebra/q_mbytet.inc
./2005/src/packlib/zebra/zebra/q_xor.inc
./2005/src/packlib/zebra/zebra/q_sbit0.inc
./2005/src/packlib/zebra/zebra/q_shift.inc
./2005/src/packlib/zebra/zebra/q_or.inc
./2005/src/packlib/zebra/zebra/q_sbyt.inc
./2005/src/packlib/zebra/zebra/q_shiftl.inc
./2005/src/packlib/zebra/zebra/q_jbytet.inc
./2005/src/packlib/zebra/zebra/q_jbyt.inc
./2005/src/packlib/zebra/zebra/q_shiftr.inc
./2005/src/packlib/zebra/zebra/q_andor.inc
./2005/src/packlib/zebra/zebra/q_mbytor.inc
./2005/src/packlib/zebra/test/
./2005/src/packlib/zebra/test/brztest/
./2005/src/packlib/zebra/test/brztest/btest2.F
./2005/src/packlib/fatmen/
./2005/src/packlib/fatmen/fmc/
./2005/src/packlib/fatmen/fmc/faexit.c
./2005/src/packlib/kuip/
./2005/src/packlib/kuip/programs/
./2005/src/packlib/kuip/programs/kxterm/
./2005/src/packlib/kuip/programs/kxterm/kxterm.c
./2005/src/packlib/kuip/programs/kxterm/uxxt.c
./2005/src/packlib/kuip/programs/kxterm/help.c
./2005/src/packlib/kuip/programs/kuipc/
./2005/src/packlib/kuip/programs/kuipc/kuipcc.c
./2005/src/packlib/kuip/code_motif/
./2005/src/packlib/kuip/code_motif/mkdgra.c
./2005/src/packlib/kuip/code_motif/mkuip.c
./2005/src/packlib/kuip/code_motif/kmbrow.c
./2005/src/packlib/kuip/code_motif/kuxxt.c
./2005/src/packlib/kuip/code_motif/iconwidget.c
./2005/src/packlib/kuip/code_motif/mkdcmp.c
./2005/src/packlib/kuip/kuip/
./2005/src/packlib/kuip/kuip/kstring.h
./2005/src/packlib/kuip/code_kuip/
./2005/src/packlib/kuip/code_kuip/kkern.c
./2005/src/packlib/kuip/code_kuip/getline.c
./2005/src/packlib/kernlib/
./2005/src/packlib/kernlib/kerngen/
./2005/src/packlib/kernlib/kerngen/tcgens/
./2005/src/packlib/kernlib/kerngen/tcgens/ubunch.F
./2005/src/packlib/kernlib/kerngen/tcgens/iucomh.F
./2005/src/packlib/kernlib/kerngen/tcgens/ublow.F
./2005/src/packlib/kernlib/kerngen/tcgens/rndm.F
./2005/src/packlib/kernlib/kerngen/kerngen/
./2005/src/packlib/kernlib/kerngen/kerngen/klnx.h
./2005/src/packlib/kernlib/kerngen/ccgenu/
./2005/src/packlib/kernlib/kerngen/ccgenu/fchtak.c
./2005/src/packlib/kernlib/kerngen/tcgen/
./2005/src/packlib/kernlib/kerngen/tcgen/lnxgfort/
./2005/src/packlib/kernlib/kerngen/tcgen/lnxgfort/getarg.F
./2005/src/packlib/kernlib/kerngen/tcgen/Imakefile
./2005/src/packlib/kernlib/kerngen/tcgen/getarg.F
./2005/src/packlib/kernlib/kerngen/ccgen/
./2005/src/packlib/kernlib/kerngen/ccgen/lenocc.c
./2005/src/packlib/kernlib/kerngen/ccgen/locb.c
./2005/src/packlib/kernlib/kerngen/ccgen/ctimef.c
./2005/src/packlib/kernlib/kerngen/ccgen/abend.c
./2005/src/packlib/kernlib/kerngen/ccgen/lstati.c
./2005/src/packlib/kernlib/kerngen/ccgen/signalf.c
./2005/src/packlib/kernlib/kerngen/ccgen/sigprnt.c
./2005/src/packlib/kernlib/kerngen/ccgen/chkloc.c
./2005/src/packlib/kernlib/kerngen/ccgen/Imakefile
./2005/src/packlib/kernlib/kerngen/ccgen/getwdi.c
./2005/src/packlib/kernlib/kerngen/ccgen/locf.c
./2005/src/packlib/kernlib/kerngen/ccgen/stati.c
./2005/src/packlib/kernlib/kerngen/ccgen/jumpxn.c
./2005/src/packlib/kernlib/kerngen/ccgen/exitf.c
./2005/src/packlib/kernlib/kerngen/ccgen/lp64gs/
./2005/src/packlib/kernlib/kerngen/ccgen/lp64gs/locb.c
./2005/src/packlib/kernlib/kerngen/ccgen/lp64gs/chkloc.c
./2005/src/packlib/kernlib/kerngen/ccgen/lp64gs/locf.c
./2005/src/packlib/kernlib/kerngen/ccgen/lp64gs/jumpxn.c
./2005/src/packlib/kernlib/kerngen/ccgen/lp64gs/jumptn.c
./2005/src/packlib/kernlib/kerngen/ccgen/jumptn.c
./2005/src/packlib/kernlib/kerngen/ccgen/timel.c
./2005/src/packlib/zbook/
./2005/src/packlib/zbook/code/
./2005/src/packlib/zbook/code/zerror.F
./2005/src/packlib/zbook/code/ztrap.F
./2005/src/packlib/cspack/
./2005/src/packlib/cspack/tcpaw/
./2005/src/packlib/cspack/tcpaw/tcpaw.c
./2005/src/packlib/cspack/tcpaw/Imakefile
./2005/src/packlib/cspack/sysreq/
./2005/src/packlib/cspack/sysreq/log.c
./2005/src/packlib/cspack/sysreq/serror.c
./2005/src/packlib/cspack/sysreq/netreq.c
./2005/src/packlib/cspack/sysreq/sysreq.h
./2005/src/packlib/cspack/sysreq/socket.c
./2005/src/packlib/cspack/sysreq/xdr.c
./2005/src/packlib/cspack/cspack/
./2005/src/packlib/cspack/cspack/hcntpar.inc
./2005/src/patchy/
./2005/src/patchy/patchy.car
./2005/src/patchy/fcasplit.F
./2005/src/patchy/p5lib.cra
./2005/src/patchy/Imakefile
./2005/src/graflib/
./2005/src/graflib/higz/
./2005/src/graflib/higz/higzcc/
./2005/src/graflib/higz/higzcc/gifencode.c
./2005/src/graflib/higz/higzcc/x11int.c
./2005/src/graflib/higz/higzcc/rotated.c
./2005/src/graflib/higz/higzcc/imgpickpalette.c
./2005/src/graflib/dzdoc/
./2005/src/graflib/dzdoc/dzdkern/
./2005/src/graflib/dzdoc/dzdkern/dzdcod.F
./2005/src/scripts/
./2005/src/scripts/cernlib
./2005/src/scripts/Imakefile
./2005/src/mathlib/
./2005/src/mathlib/gen/
./2005/src/mathlib/gen/b/
./2005/src/mathlib/gen/b/rsrtnt64.F
./2005/src/mathlib/gen/g/
./2005/src/mathlib/gen/g/gamdis.F
./2005/src/mathlib/gen/d/
./2005/src/mathlib/gen/d/cfstft.F
./2005/src/mathlib/gen/c/
./2005/src/mathlib/gen/c/wpsipg.F
./2005/src/mathlib/gen/c/rteq464.F
./2005/src/mathlib/gen/c/gapnc64.F
./2005/src/mathlib/gen/c/gagnc64.F
./2005/src/mathlib/gen/c/rrizet64.F
./2005/src/mathlib/gen/c/bsja64.F
./2005/src/mathlib/gen/c/algama.F
./2005/src/mathlib/gen/c/cbsja64.F
./2005/src/mathlib/gen/c/dlogam.F
./2005/src/mathlib/gen/c/alogam.F
./2005/src/mathlib/gen/v/
./2005/src/mathlib/gen/v/nranf.F
./2005/src/mathlib/gen/v/v107z0.inc
./2005/src/mathlib/gen/tests/
./2005/src/mathlib/gen/tests/vecdraw.F
./2005/src/mathlib/gen/tests/c209m.F
./2005/src/mathlib/gen/tests/e408m.F
./2005/src/mathlib/gen/tests/c310m.F
./2005/src/mathlib/gen/tests/c302m.F
./2005/src/mathlib/gen/tests/v100m.F
./2005/src/config/
./2005/src/config/Imake.cf
./2005/src/config/linux.cf
./2005/src/config/linux-lp64.cf.debug
./2005/src/config/linux.cf.debug
./2005/src/config/linux-lp64.cf
./2005/src/config/Imake.rules
./2005/src/mclibs/
./2005/src/mclibs/herwig/
./2005/src/mclibs/herwig/code/
./2005/src/mclibs/herwig/code/hwhew2.F
./2005/src/mclibs/jetset/
./2005/src/mclibs/jetset/pythia/
./2005/src/mclibs/jetset/pythia/Imakefile
./2005/src/mclibs/jetset/jetset/
./2005/src/mclibs/jetset/jetset/Imakefile
./2005/src/mclibs/ariadne/
./2005/src/mclibs/ariadne/code/
./2005/src/mclibs/ariadne/code/arorie.F
./2005/src/mclibs/isajet/
./2005/src/mclibs/isajet/test/
./2005/src/mclibs/isajet/test/Imakefile
./2005/src/pawlib/
./2005/src/pawlib/comis/
./2005/src/pawlib/comis/deccc/
./2005/src/pawlib/comis/deccc/cscal_lp64.h
./2005/src/pawlib/comis/deccc/cscald.c
./2005/src/pawlib/comis/deccc/jumpcn.c
./2005/src/pawlib/comis/deccc/cs_hlshl.c
./2005/src/pawlib/comis/deccc/cstrcmp.c
./2005/src/pawlib/comis/deccc/ccopys.c
./2005/src/pawlib/comis/deccc/cscalr.c
./2005/src/pawlib/comis/deccc/cscali.c
./2005/src/pawlib/comis/comis/
./2005/src/pawlib/comis/comis/cstab64.inc
./2005/src/pawlib/comis/code/
./2005/src/pawlib/comis/code/cstran.F
./2005/src/pawlib/comis/code/csintx.F
./2005/src/pawlib/comis/code/csinit.F
./2005/src/pawlib/comis/code/cslink.F
./2005/src/pawlib/comis/code/cspawi.F
./2005/src/pawlib/comis/code/csaddr.F
./2005/src/pawlib/comis/code/Imakefile
./2005/src/pawlib/comis/code/csitgpl.F
./2005/src/pawlib/comis/code/csrtgpl.F
./2005/src/pawlib/comis/code/cskcal.F
./2005/src/pawlib/paw/
./2005/src/pawlib/paw/ntuple/
./2005/src/pawlib/paw/ntuple/c_hcntpar.h
./2005/src/pawlib/paw/ntuple/qp_execute.c
./2005/src/pawlib/paw/ntuple/qp_vvec.c
./2005/src/pawlib/paw/ntuple/Imakefile
./2005/src/pawlib/paw/ntuple/qp_hbook_if.c
./2005/src/pawlib/paw/cpaw/
./2005/src/pawlib/paw/cpaw/bugrep.c
./2005/src/pawlib/paw/xbae/
./2005/src/pawlib/paw/xbae/clip.c
./2005/src/pawlib/paw/xbae/matrix.c
./2005/src/pawlib/paw/xbae/caption.c
./2005/src/pawlib/paw/cmotif/
./2005/src/pawlib/paw/cmotif/att_color.c
./2005/src/pawlib/paw/cmotif/init.c
./2005/src/pawlib/paw/cmotif/histo.c
./2005/src/pawlib/paw/cmotif/att_define_color.c
./2005/src/pawlib/paw/cmotif/att_geometry.c
./2005/src/pawlib/paw/cmotif/att_main.c
./2005/src/pawlib/paw/cmotif/att_general.c
./2005/src/pawlib/paw/cmotif/axis.c
./2005/src/pawlib/paw/cmotif/attatch.c
